2025-01-09 12:10:38,096 [INFO] Configuration saved to logs\default\config.json
2025-01-09 12:10:38,101 [INFO] Episode 0 - Reward: 1.00, Length: 3, Loss: 0.0000, Epsilon: 1.0000
2025-01-09 12:11:24,501 [INFO] Configuration saved to logs\default\config.json
2025-01-09 12:13:12,957 [INFO] Configuration saved to logs\default\config.json
2025-01-09 12:13:12,960 [INFO] Episode 0 - Reward: -1.00, Length: 2, Loss: 0.0000, Epsilon: 1.0000
2025-01-09 12:13:12,999 [INFO] Evaluation - Episode 0, Average Reward: -0.10, Win Rate: 0.45
2025-01-09 12:13:13,006 [INFO] Model checkpoint saved to models\default_best.pt
2025-01-09 12:13:13,011 [INFO] Model checkpoint saved to models\default_episode_0.pt
2025-01-09 12:13:13,788 [INFO] Episode 100 - Reward: 1.00, Length: 3, Loss: 1.4542, Epsilon: 0.4668
2025-01-09 12:13:13,875 [INFO] Evaluation - Episode 100, Average Reward: -0.12, Win Rate: 0.44
2025-01-09 12:13:14,762 [INFO] Episode 200 - Reward: -1.00, Length: 1, Loss: 9.7942, Epsilon: 0.1573
2025-01-09 12:13:14,860 [INFO] Evaluation - Episode 200, Average Reward: 0.08, Win Rate: 0.54
2025-01-09 12:13:14,864 [INFO] Model checkpoint saved to models\default_best.pt
2025-01-09 12:13:15,915 [INFO] Episode 300 - Reward: 1.00, Length: 3, Loss: 135.3315, Epsilon: 0.0427
2025-01-09 12:13:16,025 [INFO] Evaluation - Episode 300, Average Reward: 0.08, Win Rate: 0.54
2025-01-09 12:13:17,086 [INFO] Episode 400 - Reward: 1.00, Length: 3, Loss: 732.3956, Epsilon: 0.0123
2025-01-09 12:13:17,205 [INFO] Evaluation - Episode 400, Average Reward: -0.12, Win Rate: 0.44
2025-01-09 12:13:18,029 [INFO] Episode 500 - Reward: -1.00, Length: 1, Loss: 4359.1123, Epsilon: 0.0100
2025-01-09 12:13:18,119 [INFO] Evaluation - Episode 500, Average Reward: 0.48, Win Rate: 0.74
2025-01-09 12:13:18,123 [INFO] Model checkpoint saved to models\default_best.pt
2025-01-09 12:13:18,947 [INFO] Episode 600 - Reward: 1.00, Length: 2, Loss: 18816.5596, Epsilon: 0.0100
2025-01-09 12:13:19,036 [INFO] Evaluation - Episode 600, Average Reward: 0.64, Win Rate: 0.82
2025-01-09 12:13:19,040 [INFO] Model checkpoint saved to models\default_best.pt
2025-01-09 12:13:19,866 [INFO] Episode 700 - Reward: 1.00, Length: 3, Loss: 49286.2070, Epsilon: 0.0100
2025-01-09 12:13:19,964 [INFO] Evaluation - Episode 700, Average Reward: 0.60, Win Rate: 0.80
2025-01-09 12:13:20,737 [INFO] Episode 800 - Reward: 1.00, Length: 2, Loss: 86258.0234, Epsilon: 0.0100
2025-01-09 12:13:20,827 [INFO] Evaluation - Episode 800, Average Reward: 0.66, Win Rate: 0.83
2025-01-09 12:13:20,831 [INFO] Model checkpoint saved to models\default_best.pt
2025-01-09 12:13:21,629 [INFO] Episode 900 - Reward: 1.00, Length: 2, Loss: 103037.5977, Epsilon: 0.0100
2025-01-09 12:13:21,718 [INFO] Evaluation - Episode 900, Average Reward: 0.62, Win Rate: 0.81
2025-01-09 12:13:22,570 [INFO] Episode 1000 - Reward: -1.00, Length: 1, Loss: 139548.0625, Epsilon: 0.0100
2025-01-09 12:13:22,659 [INFO] Evaluation - Episode 1000, Average Reward: 0.64, Win Rate: 0.82
2025-01-09 12:13:22,663 [INFO] Model checkpoint saved to models\default_episode_1000.pt
2025-01-09 12:13:23,491 [INFO] Episode 1100 - Reward: 1.00, Length: 2, Loss: 147485.8438, Epsilon: 0.0100
2025-01-09 12:13:23,588 [INFO] Evaluation - Episode 1100, Average Reward: 0.48, Win Rate: 0.74
2025-01-09 12:13:24,470 [INFO] Episode 1200 - Reward: 1.00, Length: 2, Loss: 163804.3047, Epsilon: 0.0100
2025-01-09 12:13:24,557 [INFO] Evaluation - Episode 1200, Average Reward: 0.58, Win Rate: 0.79
2025-01-09 12:13:25,360 [INFO] Episode 1300 - Reward: 1.00, Length: 2, Loss: 184196.8672, Epsilon: 0.0100
2025-01-09 12:13:25,448 [INFO] Evaluation - Episode 1300, Average Reward: 0.52, Win Rate: 0.76
2025-01-09 12:13:26,251 [INFO] Episode 1400 - Reward: 1.00, Length: 2, Loss: 184505.8359, Epsilon: 0.0100
2025-01-09 12:13:26,340 [INFO] Evaluation - Episode 1400, Average Reward: 0.60, Win Rate: 0.80
2025-01-09 12:13:27,205 [INFO] Episode 1500 - Reward: 1.00, Length: 2, Loss: 187959.9141, Epsilon: 0.0100
2025-01-09 12:13:27,313 [INFO] Evaluation - Episode 1500, Average Reward: 0.62, Win Rate: 0.81
2025-01-09 12:13:28,246 [INFO] Episode 1600 - Reward: 1.00, Length: 2, Loss: 167875.1328, Epsilon: 0.0100
2025-01-09 12:13:28,354 [INFO] Evaluation - Episode 1600, Average Reward: 0.66, Win Rate: 0.83
2025-01-09 12:13:29,210 [INFO] Episode 1700 - Reward: 1.00, Length: 2, Loss: 132824.9766, Epsilon: 0.0100
2025-01-09 12:13:29,302 [INFO] Evaluation - Episode 1700, Average Reward: 0.68, Win Rate: 0.84
2025-01-09 12:13:29,307 [INFO] Model checkpoint saved to models\default_best.pt
2025-01-09 12:13:30,471 [INFO] Episode 1800 - Reward: -1.00, Length: 1, Loss: 88857.9375, Epsilon: 0.0100
2025-01-09 12:13:30,632 [INFO] Evaluation - Episode 1800, Average Reward: -0.04, Win Rate: 0.48
2025-01-09 12:13:31,938 [INFO] Episode 1900 - Reward: 1.00, Length: 3, Loss: 61230.8242, Epsilon: 0.0100
2025-01-09 12:13:32,070 [INFO] Evaluation - Episode 1900, Average Reward: -0.64, Win Rate: 0.18
2025-01-09 12:13:33,160 [INFO] Episode 2000 - Reward: -1.00, Length: 1, Loss: 47376.5000, Epsilon: 0.0100
2025-01-09 12:13:33,284 [INFO] Evaluation - Episode 2000, Average Reward: -0.72, Win Rate: 0.14
2025-01-09 12:13:33,288 [INFO] Model checkpoint saved to models\default_episode_2000.pt
2025-01-09 12:13:34,288 [INFO] Episode 2100 - Reward: -1.00, Length: 1, Loss: 51719.2227, Epsilon: 0.0100
2025-01-09 12:13:34,421 [INFO] Evaluation - Episode 2100, Average Reward: -0.76, Win Rate: 0.12
2025-01-09 12:13:35,530 [INFO] Episode 2200 - Reward: -1.00, Length: 3, Loss: 58108.2057, Epsilon: 0.0100
2025-01-09 12:13:35,672 [INFO] Evaluation - Episode 2200, Average Reward: -0.64, Win Rate: 0.18
2025-01-09 12:13:36,772 [INFO] Episode 2300 - Reward: -1.00, Length: 3, Loss: 61636.5273, Epsilon: 0.0100
2025-01-09 12:13:36,898 [INFO] Evaluation - Episode 2300, Average Reward: -0.76, Win Rate: 0.12
2025-01-09 12:13:38,088 [INFO] Episode 2400 - Reward: -1.00, Length: 2, Loss: 80945.0234, Epsilon: 0.0100
2025-01-09 12:13:38,212 [INFO] Evaluation - Episode 2400, Average Reward: -0.20, Win Rate: 0.40
2025-01-09 12:13:39,504 [INFO] Episode 2500 - Reward: -1.00, Length: 3, Loss: 109456.0573, Epsilon: 0.0100
2025-01-09 12:13:39,642 [INFO] Evaluation - Episode 2500, Average Reward: 0.02, Win Rate: 0.51
2025-01-09 12:13:40,814 [INFO] Episode 2600 - Reward: -1.00, Length: 1, Loss: 305871.5938, Epsilon: 0.0100
2025-01-09 12:13:41,053 [INFO] Evaluation - Episode 2600, Average Reward: 0.00, Win Rate: 0.50
2025-01-09 12:13:42,340 [INFO] Episode 2700 - Reward: 1.00, Length: 3, Loss: 521449.0521, Epsilon: 0.0100
2025-01-09 12:13:42,503 [INFO] Evaluation - Episode 2700, Average Reward: 0.04, Win Rate: 0.52
2025-01-09 12:13:44,195 [INFO] Episode 2800 - Reward: -1.00, Length: 1, Loss: 1450319.8750, Epsilon: 0.0100
2025-01-09 12:13:44,556 [INFO] Evaluation - Episode 2800, Average Reward: -0.02, Win Rate: 0.49
2025-01-09 12:13:46,206 [INFO] Episode 2900 - Reward: 1.00, Length: 4, Loss: 3556290.3750, Epsilon: 0.0100
2025-01-09 12:13:46,517 [INFO] Evaluation - Episode 2900, Average Reward: -0.08, Win Rate: 0.46
2025-01-09 12:13:49,634 [INFO] Episode 3000 - Reward: -1.00, Length: 1, Loss: 6675356.5000, Epsilon: 0.0100
2025-01-09 12:13:50,054 [INFO] Evaluation - Episode 3000, Average Reward: 0.00, Win Rate: 0.50
2025-01-09 12:13:50,063 [INFO] Model checkpoint saved to models\default_episode_3000.pt
2025-01-09 12:13:53,288 [INFO] Episode 3100 - Reward: -1.00, Length: 2, Loss: 9671781.0000, Epsilon: 0.0100
2025-01-09 12:13:53,673 [INFO] Evaluation - Episode 3100, Average Reward: -0.26, Win Rate: 0.37
2025-01-09 12:13:57,072 [INFO] Episode 3200 - Reward: 1.00, Length: 4, Loss: 14440974.2500, Epsilon: 0.0100
2025-01-09 12:13:57,450 [INFO] Evaluation - Episode 3200, Average Reward: -0.16, Win Rate: 0.42
2025-01-09 12:14:00,664 [INFO] Episode 3300 - Reward: 1.00, Length: 5, Loss: 18623922.0000, Epsilon: 0.0100
2025-01-09 12:14:01,056 [INFO] Evaluation - Episode 3300, Average Reward: -0.06, Win Rate: 0.47
2025-01-09 12:14:04,473 [INFO] Episode 3400 - Reward: -1.00, Length: 2, Loss: 27579280.0000, Epsilon: 0.0100
2025-01-09 12:14:04,837 [INFO] Evaluation - Episode 3400, Average Reward: 0.08, Win Rate: 0.54
2025-01-09 12:14:08,050 [INFO] Episode 3500 - Reward: -1.00, Length: 3, Loss: 35548216.0000, Epsilon: 0.0100
2025-01-09 12:14:08,481 [INFO] Evaluation - Episode 3500, Average Reward: 0.22, Win Rate: 0.61
2025-01-09 12:14:11,392 [INFO] Episode 3600 - Reward: -1.00, Length: 3, Loss: 50526222.6667, Epsilon: 0.0100
2025-01-09 12:14:11,734 [INFO] Evaluation - Episode 3600, Average Reward: -0.04, Win Rate: 0.48
2025-01-09 12:14:14,855 [INFO] Episode 3700 - Reward: 1.00, Length: 3, Loss: 69426301.3333, Epsilon: 0.0100
2025-01-09 12:14:15,186 [INFO] Evaluation - Episode 3700, Average Reward: 0.20, Win Rate: 0.60
2025-01-09 12:14:18,114 [INFO] Episode 3800 - Reward: -1.00, Length: 1, Loss: 92475376.0000, Epsilon: 0.0100
2025-01-09 12:14:18,467 [INFO] Evaluation - Episode 3800, Average Reward: 0.14, Win Rate: 0.57
2025-01-09 12:14:21,522 [INFO] Episode 3900 - Reward: -1.00, Length: 2, Loss: 132871960.0000, Epsilon: 0.0100
2025-01-09 12:14:21,909 [INFO] Evaluation - Episode 3900, Average Reward: 0.26, Win Rate: 0.63
2025-01-09 12:14:25,380 [INFO] Episode 4000 - Reward: -1.00, Length: 1, Loss: 195995280.0000, Epsilon: 0.0100
2025-01-09 12:14:25,778 [INFO] Evaluation - Episode 4000, Average Reward: 0.26, Win Rate: 0.63
2025-01-09 12:14:25,783 [INFO] Model checkpoint saved to models\default_episode_4000.pt
2025-01-09 12:14:28,769 [INFO] Episode 4100 - Reward: 1.00, Length: 3, Loss: 243457109.3333, Epsilon: 0.0100
2025-01-09 12:14:29,103 [INFO] Evaluation - Episode 4100, Average Reward: 0.20, Win Rate: 0.60
2025-01-09 12:14:32,296 [INFO] Episode 4200 - Reward: 1.00, Length: 2, Loss: 358502640.0000, Epsilon: 0.0100
2025-01-09 12:14:32,657 [INFO] Evaluation - Episode 4200, Average Reward: 0.26, Win Rate: 0.63
2025-01-09 12:14:35,855 [INFO] Episode 4300 - Reward: 1.00, Length: 4, Loss: 464159456.0000, Epsilon: 0.0100
2025-01-09 12:14:36,223 [INFO] Evaluation - Episode 4300, Average Reward: 0.22, Win Rate: 0.61
2025-01-09 12:14:39,409 [INFO] Episode 4400 - Reward: -1.00, Length: 2, Loss: 674073600.0000, Epsilon: 0.0100
2025-01-09 12:14:39,777 [INFO] Evaluation - Episode 4400, Average Reward: 0.16, Win Rate: 0.58
2025-01-09 12:14:42,850 [INFO] Episode 4500 - Reward: 1.00, Length: 2, Loss: 842306464.0000, Epsilon: 0.0100
2025-01-09 12:14:43,284 [INFO] Evaluation - Episode 4500, Average Reward: 0.12, Win Rate: 0.56
2025-01-09 12:14:45,876 [INFO] Episode 4600 - Reward: 1.00, Length: 3, Loss: 1048966464.0000, Epsilon: 0.0100
2025-01-09 12:14:45,998 [INFO] Evaluation - Episode 4600, Average Reward: 0.18, Win Rate: 0.59
2025-01-09 12:14:47,248 [INFO] Episode 4700 - Reward: -1.00, Length: 1, Loss: 1356671488.0000, Epsilon: 0.0100
2025-01-09 12:14:47,378 [INFO] Evaluation - Episode 4700, Average Reward: -0.06, Win Rate: 0.47
2025-01-09 12:14:48,625 [INFO] Episode 4800 - Reward: 1.00, Length: 4, Loss: 1697244352.0000, Epsilon: 0.0100
2025-01-09 12:14:48,769 [INFO] Evaluation - Episode 4800, Average Reward: 0.08, Win Rate: 0.54
2025-01-09 12:14:50,064 [INFO] Episode 4900 - Reward: 1.00, Length: 4, Loss: 2248599520.0000, Epsilon: 0.0100
2025-01-09 12:14:50,208 [INFO] Evaluation - Episode 4900, Average Reward: 0.06, Win Rate: 0.53
2025-01-09 12:14:51,357 [INFO] Episode 5000 - Reward: -1.00, Length: 2, Loss: 2966640384.0000, Epsilon: 0.0100
2025-01-09 12:14:51,471 [INFO] Evaluation - Episode 5000, Average Reward: 0.14, Win Rate: 0.57
2025-01-09 12:14:51,475 [INFO] Model checkpoint saved to models\default_episode_5000.pt
2025-01-09 12:14:52,582 [INFO] Episode 5100 - Reward: 1.00, Length: 4, Loss: 4019448896.0000, Epsilon: 0.0100
2025-01-09 12:14:52,703 [INFO] Evaluation - Episode 5100, Average Reward: 0.26, Win Rate: 0.63
2025-01-09 12:14:53,798 [INFO] Episode 5200 - Reward: 1.00, Length: 3, Loss: 4422048512.0000, Epsilon: 0.0100
2025-01-09 12:14:53,916 [INFO] Evaluation - Episode 5200, Average Reward: 0.16, Win Rate: 0.58
2025-01-09 12:14:54,982 [INFO] Episode 5300 - Reward: -1.00, Length: 1, Loss: 5671571456.0000, Epsilon: 0.0100
2025-01-09 12:14:55,110 [INFO] Evaluation - Episode 5300, Average Reward: 0.32, Win Rate: 0.66
2025-01-09 12:14:56,150 [INFO] Episode 5400 - Reward: 1.00, Length: 2, Loss: 8083623936.0000, Epsilon: 0.0100
2025-01-09 12:14:56,273 [INFO] Evaluation - Episode 5400, Average Reward: 0.24, Win Rate: 0.62
2025-01-09 12:14:57,333 [INFO] Episode 5500 - Reward: -1.00, Length: 1, Loss: 10933771264.0000, Epsilon: 0.0100
2025-01-09 12:14:57,450 [INFO] Evaluation - Episode 5500, Average Reward: 0.04, Win Rate: 0.52
2025-01-09 12:14:58,523 [INFO] Episode 5600 - Reward: -1.00, Length: 2, Loss: 12363363328.0000, Epsilon: 0.0100
2025-01-09 12:14:58,650 [INFO] Evaluation - Episode 5600, Average Reward: 0.22, Win Rate: 0.61
2025-01-09 12:14:59,699 [INFO] Episode 5700 - Reward: 1.00, Length: 3, Loss: 17933850965.3333, Epsilon: 0.0100
2025-01-09 12:14:59,809 [INFO] Evaluation - Episode 5700, Average Reward: 0.08, Win Rate: 0.54
2025-01-09 12:15:00,865 [INFO] Episode 5800 - Reward: -1.00, Length: 3, Loss: 24602930517.3333, Epsilon: 0.0100
2025-01-09 12:15:00,984 [INFO] Evaluation - Episode 5800, Average Reward: 0.16, Win Rate: 0.58
2025-01-09 12:15:02,077 [INFO] Episode 5900 - Reward: -1.00, Length: 2, Loss: 29508197376.0000, Epsilon: 0.0100
2025-01-09 12:15:02,204 [INFO] Evaluation - Episode 5900, Average Reward: 0.14, Win Rate: 0.57
2025-01-09 12:15:03,179 [INFO] Episode 6000 - Reward: -1.00, Length: 1, Loss: 38621913088.0000, Epsilon: 0.0100
2025-01-09 12:15:03,298 [INFO] Evaluation - Episode 6000, Average Reward: 0.42, Win Rate: 0.71
2025-01-09 12:15:03,301 [INFO] Model checkpoint saved to models\default_episode_6000.pt
2025-01-09 12:15:04,383 [INFO] Episode 6100 - Reward: 1.00, Length: 3, Loss: 51742466048.0000, Epsilon: 0.0100
2025-01-09 12:15:04,494 [INFO] Evaluation - Episode 6100, Average Reward: 0.12, Win Rate: 0.56
2025-01-09 12:15:05,641 [INFO] Episode 6200 - Reward: 1.00, Length: 4, Loss: 56702061568.0000, Epsilon: 0.0100
2025-01-09 12:15:05,764 [INFO] Evaluation - Episode 6200, Average Reward: 0.26, Win Rate: 0.63
2025-01-09 12:15:07,279 [INFO] Episode 6300 - Reward: -1.00, Length: 1, Loss: 75930271744.0000, Epsilon: 0.0100
2025-01-09 12:15:07,471 [INFO] Evaluation - Episode 6300, Average Reward: 0.12, Win Rate: 0.56
2025-01-09 12:15:09,018 [INFO] Episode 6400 - Reward: 1.00, Length: 3, Loss: 88968743594.6667, Epsilon: 0.0100
2025-01-09 12:15:09,225 [INFO] Evaluation - Episode 6400, Average Reward: 0.32, Win Rate: 0.66
2025-01-09 12:15:10,526 [INFO] Episode 6500 - Reward: 1.00, Length: 3, Loss: 97153957888.0000, Epsilon: 0.0100
2025-01-09 12:15:10,679 [INFO] Evaluation - Episode 6500, Average Reward: 0.10, Win Rate: 0.55
2025-01-09 12:15:11,998 [INFO] Episode 6600 - Reward: 1.00, Length: 3, Loss: 116985285290.6667, Epsilon: 0.0100
2025-01-09 12:15:12,158 [INFO] Evaluation - Episode 6600, Average Reward: 0.40, Win Rate: 0.70
2025-01-09 12:15:13,465 [INFO] Episode 6700 - Reward: 1.00, Length: 3, Loss: 128878291626.6667, Epsilon: 0.0100
2025-01-09 12:15:13,620 [INFO] Evaluation - Episode 6700, Average Reward: 0.44, Win Rate: 0.72
2025-01-09 12:15:14,975 [INFO] Episode 6800 - Reward: 1.00, Length: 3, Loss: 139751970133.3333, Epsilon: 0.0100
2025-01-09 12:15:15,127 [INFO] Evaluation - Episode 6800, Average Reward: 0.28, Win Rate: 0.64
2025-01-09 12:15:16,612 [INFO] Episode 6900 - Reward: -1.00, Length: 2, Loss: 160117825536.0000, Epsilon: 0.0100
2025-01-09 12:15:16,779 [INFO] Evaluation - Episode 6900, Average Reward: 0.46, Win Rate: 0.73
2025-01-09 12:15:18,106 [INFO] Episode 7000 - Reward: 1.00, Length: 2, Loss: 186231537664.0000, Epsilon: 0.0100
2025-01-09 12:15:18,271 [INFO] Evaluation - Episode 7000, Average Reward: 0.34, Win Rate: 0.67
2025-01-09 12:15:18,276 [INFO] Model checkpoint saved to models\default_episode_7000.pt
2025-01-09 12:15:19,626 [INFO] Episode 7100 - Reward: 1.00, Length: 2, Loss: 222975238144.0000, Epsilon: 0.0100
2025-01-09 12:15:19,773 [INFO] Evaluation - Episode 7100, Average Reward: 0.36, Win Rate: 0.68
2025-01-09 12:15:21,148 [INFO] Episode 7200 - Reward: -1.00, Length: 1, Loss: 213327822848.0000, Epsilon: 0.0100
2025-01-09 12:15:21,299 [INFO] Evaluation - Episode 7200, Average Reward: 0.26, Win Rate: 0.63
2025-01-09 12:15:22,703 [INFO] Episode 7300 - Reward: -1.00, Length: 2, Loss: 246093922304.0000, Epsilon: 0.0100
2025-01-09 12:15:22,858 [INFO] Evaluation - Episode 7300, Average Reward: 0.30, Win Rate: 0.65
2025-01-09 12:15:24,251 [INFO] Episode 7400 - Reward: 1.00, Length: 3, Loss: 268884934656.0000, Epsilon: 0.0100
2025-01-09 12:15:24,409 [INFO] Evaluation - Episode 7400, Average Reward: 0.20, Win Rate: 0.60
2025-01-09 12:15:26,018 [INFO] Episode 7500 - Reward: 1.00, Length: 2, Loss: 289884831744.0000, Epsilon: 0.0100
2025-01-09 12:15:26,205 [INFO] Evaluation - Episode 7500, Average Reward: 0.20, Win Rate: 0.60
2025-01-09 12:15:27,563 [INFO] Episode 7600 - Reward: -1.00, Length: 1, Loss: 361687547904.0000, Epsilon: 0.0100
2025-01-09 12:15:27,713 [INFO] Evaluation - Episode 7600, Average Reward: 0.20, Win Rate: 0.60
2025-01-09 12:15:29,004 [INFO] Episode 7700 - Reward: 1.00, Length: 3, Loss: 362909379242.6667, Epsilon: 0.0100
2025-01-09 12:15:29,159 [INFO] Evaluation - Episode 7700, Average Reward: 0.36, Win Rate: 0.68
2025-01-09 12:15:30,517 [INFO] Episode 7800 - Reward: 1.00, Length: 3, Loss: 426747210410.6667, Epsilon: 0.0100
2025-01-09 12:15:30,683 [INFO] Evaluation - Episode 7800, Average Reward: 0.40, Win Rate: 0.70
2025-01-09 12:15:31,985 [INFO] Episode 7900 - Reward: -1.00, Length: 2, Loss: 476417474560.0000, Epsilon: 0.0100
2025-01-09 12:15:32,136 [INFO] Evaluation - Episode 7900, Average Reward: 0.32, Win Rate: 0.66
2025-01-09 12:15:33,432 [INFO] Episode 8000 - Reward: 1.00, Length: 3, Loss: 530308147882.6667, Epsilon: 0.0100
2025-01-09 12:15:33,602 [INFO] Evaluation - Episode 8000, Average Reward: 0.32, Win Rate: 0.66
2025-01-09 12:15:33,607 [INFO] Model checkpoint saved to models\default_episode_8000.pt
2025-01-09 12:15:34,956 [INFO] Episode 8100 - Reward: -1.00, Length: 1, Loss: 614171475968.0000, Epsilon: 0.0100
2025-01-09 12:15:35,117 [INFO] Evaluation - Episode 8100, Average Reward: 0.26, Win Rate: 0.63
2025-01-09 12:15:36,454 [INFO] Episode 8200 - Reward: 1.00, Length: 3, Loss: 635230879744.0000, Epsilon: 0.0100
2025-01-09 12:15:36,663 [INFO] Evaluation - Episode 8200, Average Reward: 0.30, Win Rate: 0.65
2025-01-09 12:15:37,957 [INFO] Episode 8300 - Reward: -1.00, Length: 1, Loss: 717623918592.0000, Epsilon: 0.0100
2025-01-09 12:15:38,114 [INFO] Evaluation - Episode 8300, Average Reward: 0.40, Win Rate: 0.70
2025-01-09 12:15:39,449 [INFO] Episode 8400 - Reward: 1.00, Length: 2, Loss: 763890335744.0000, Epsilon: 0.0100
2025-01-09 12:15:39,608 [INFO] Evaluation - Episode 8400, Average Reward: 0.34, Win Rate: 0.67
2025-01-09 12:15:40,999 [INFO] Episode 8500 - Reward: -1.00, Length: 2, Loss: 789096431616.0000, Epsilon: 0.0100
2025-01-09 12:15:41,142 [INFO] Evaluation - Episode 8500, Average Reward: 0.30, Win Rate: 0.65
2025-01-09 12:15:42,454 [INFO] Episode 8600 - Reward: 1.00, Length: 3, Loss: 936137392128.0000, Epsilon: 0.0100
2025-01-09 12:15:42,607 [INFO] Evaluation - Episode 8600, Average Reward: 0.34, Win Rate: 0.67
2025-01-09 12:15:43,884 [INFO] Episode 8700 - Reward: -1.00, Length: 2, Loss: 894818549760.0000, Epsilon: 0.0100
2025-01-09 12:15:44,036 [INFO] Evaluation - Episode 8700, Average Reward: 0.34, Win Rate: 0.67
2025-01-09 12:15:45,327 [INFO] Episode 8800 - Reward: 1.00, Length: 3, Loss: 1021210700458.6666, Epsilon: 0.0100
2025-01-09 12:15:45,504 [INFO] Evaluation - Episode 8800, Average Reward: 0.32, Win Rate: 0.66
2025-01-09 12:15:47,266 [INFO] Episode 8900 - Reward: -1.00, Length: 1, Loss: 1126632783872.0000, Epsilon: 0.0100
2025-01-09 12:15:47,452 [INFO] Evaluation - Episode 8900, Average Reward: 0.26, Win Rate: 0.63
2025-01-09 12:15:49,021 [INFO] Episode 9000 - Reward: 1.00, Length: 3, Loss: 1270994916693.3333, Epsilon: 0.0100
2025-01-09 12:15:49,199 [INFO] Evaluation - Episode 9000, Average Reward: 0.44, Win Rate: 0.72
2025-01-09 12:15:49,217 [INFO] Model checkpoint saved to models\default_episode_9000.pt
2025-01-09 12:15:50,542 [INFO] Episode 9100 - Reward: 1.00, Length: 3, Loss: 1371806149290.6667, Epsilon: 0.0100
2025-01-09 12:15:50,849 [INFO] Evaluation - Episode 9100, Average Reward: 0.34, Win Rate: 0.67
2025-01-09 12:15:54,096 [INFO] Episode 9200 - Reward: 1.00, Length: 2, Loss: 1389837287424.0000, Epsilon: 0.0100
2025-01-09 12:15:54,506 [INFO] Evaluation - Episode 9200, Average Reward: 0.34, Win Rate: 0.67
2025-01-09 12:15:57,747 [INFO] Episode 9300 - Reward: 1.00, Length: 2, Loss: 1462999318528.0000, Epsilon: 0.0100
2025-01-09 12:15:58,184 [INFO] Evaluation - Episode 9300, Average Reward: 0.58, Win Rate: 0.79
2025-01-09 12:16:01,184 [INFO] Episode 9400 - Reward: 1.00, Length: 3, Loss: 1595803871914.6667, Epsilon: 0.0100
2025-01-09 12:16:01,592 [INFO] Evaluation - Episode 9400, Average Reward: 0.24, Win Rate: 0.62
2025-01-09 12:16:04,779 [INFO] Episode 9500 - Reward: 1.00, Length: 3, Loss: 1776363896832.0000, Epsilon: 0.0100
2025-01-09 12:16:05,159 [INFO] Evaluation - Episode 9500, Average Reward: 0.32, Win Rate: 0.66
2025-01-09 12:16:07,914 [INFO] Episode 9600 - Reward: 1.00, Length: 3, Loss: 1889091103402.6667, Epsilon: 0.0100
2025-01-09 12:16:08,113 [INFO] Evaluation - Episode 9600, Average Reward: 0.38, Win Rate: 0.69
2025-01-09 12:16:09,396 [INFO] Episode 9700 - Reward: 1.00, Length: 3, Loss: 2134045360128.0000, Epsilon: 0.0100
2025-01-09 12:16:09,550 [INFO] Evaluation - Episode 9700, Average Reward: 0.38, Win Rate: 0.69
2025-01-09 12:16:10,734 [INFO] Episode 9800 - Reward: 1.00, Length: 3, Loss: 2142956071594.6667, Epsilon: 0.0100
2025-01-09 12:16:10,894 [INFO] Evaluation - Episode 9800, Average Reward: 0.36, Win Rate: 0.68
2025-01-09 12:16:12,103 [INFO] Episode 9900 - Reward: 1.00, Length: 3, Loss: 2480664128170.6665, Epsilon: 0.0100
2025-01-09 12:16:12,254 [INFO] Evaluation - Episode 9900, Average Reward: 0.20, Win Rate: 0.60
2025-01-09 12:16:13,650 [INFO] Evaluation - Episode 10000, Average Reward: 0.38, Win Rate: 0.69
2025-01-09 12:16:13,656 [INFO] Model checkpoint saved to models\default_final.pt
2025-01-09 12:16:13,719 [INFO] Metrics saved to logs\default\metrics.json
2025-01-09 12:19:59,065 [INFO] Configuration saved to logs\default\config.json
2025-01-09 12:19:59,069 [INFO] Episode 0 - Reward: -1.00, Length: 1, Loss: 0.0000, Epsilon: 1.0000
2025-01-09 12:19:59,119 [INFO] Evaluation - Episode 0, Average Reward: 0.06, Win Rate: 0.53
2025-01-09 12:19:59,124 [INFO] Model checkpoint saved to models\default_best.pt
2025-01-09 12:19:59,128 [INFO] Model checkpoint saved to models\default_episode_0.pt
2025-01-09 12:19:59,966 [INFO] Episode 100 - Reward: -1.00, Length: 1, Loss: 0.3193, Epsilon: 0.4139
2025-01-09 12:20:00,098 [INFO] Evaluation - Episode 100, Average Reward: 0.14, Win Rate: 0.57
2025-01-09 12:20:00,103 [INFO] Model checkpoint saved to models\default_best.pt
2025-01-09 12:20:01,271 [INFO] Episode 200 - Reward: -1.00, Length: 1, Loss: 4.9589, Epsilon: 0.1255
2025-01-09 12:20:01,399 [INFO] Evaluation - Episode 200, Average Reward: 0.48, Win Rate: 0.74
2025-01-09 12:20:01,404 [INFO] Model checkpoint saved to models\default_best.pt
2025-01-09 12:20:02,381 [INFO] Episode 300 - Reward: 1.00, Length: 3, Loss: 4.9925, Epsilon: 0.0377
2025-01-09 12:20:02,579 [INFO] Evaluation - Episode 300, Average Reward: 0.12, Win Rate: 0.56
2025-01-09 12:20:03,746 [INFO] Episode 400 - Reward: -1.00, Length: 2, Loss: 5.5778, Epsilon: 0.0106
2025-01-09 12:20:03,936 [INFO] Evaluation - Episode 400, Average Reward: 0.44, Win Rate: 0.72
2025-01-09 12:20:04,964 [INFO] Episode 500 - Reward: 1.00, Length: 4, Loss: 4.8268, Epsilon: 0.0100
2025-01-09 12:20:05,141 [INFO] Evaluation - Episode 500, Average Reward: 0.14, Win Rate: 0.57
2025-01-09 12:20:06,140 [INFO] Episode 600 - Reward: 1.00, Length: 2, Loss: 4.7812, Epsilon: 0.0100
2025-01-09 12:20:06,296 [INFO] Evaluation - Episode 600, Average Reward: 0.18, Win Rate: 0.59
2025-01-09 12:20:07,375 [INFO] Episode 700 - Reward: -1.00, Length: 2, Loss: 5.0542, Epsilon: 0.0100
2025-01-09 12:20:07,552 [INFO] Evaluation - Episode 700, Average Reward: 0.06, Win Rate: 0.53
2025-01-09 12:20:08,655 [INFO] Episode 800 - Reward: 1.00, Length: 4, Loss: 5.7372, Epsilon: 0.0100
2025-01-09 12:20:08,804 [INFO] Evaluation - Episode 800, Average Reward: -0.10, Win Rate: 0.45
2025-01-09 12:20:10,036 [INFO] Episode 900 - Reward: 1.00, Length: 2, Loss: 4.0320, Epsilon: 0.0100
2025-01-09 12:20:10,255 [INFO] Evaluation - Episode 900, Average Reward: 0.08, Win Rate: 0.54
2025-01-09 12:20:11,346 [INFO] Episode 1000 - Reward: 1.00, Length: 4, Loss: 4.7586, Epsilon: 0.0100
2025-01-09 12:20:11,496 [INFO] Evaluation - Episode 1000, Average Reward: -0.02, Win Rate: 0.49
2025-01-09 12:20:11,501 [INFO] Model checkpoint saved to models\default_episode_1000.pt
2025-01-09 12:20:12,673 [INFO] Episode 1100 - Reward: 1.00, Length: 3, Loss: 4.8088, Epsilon: 0.0100
2025-01-09 12:20:12,826 [INFO] Evaluation - Episode 1100, Average Reward: 0.38, Win Rate: 0.69
2025-01-09 12:20:14,106 [INFO] Episode 1200 - Reward: -1.00, Length: 3, Loss: 5.6403, Epsilon: 0.0100
2025-01-09 12:20:14,291 [INFO] Evaluation - Episode 1200, Average Reward: 0.14, Win Rate: 0.57
2025-01-09 12:20:15,441 [INFO] Episode 1300 - Reward: 1.00, Length: 3, Loss: 4.3916, Epsilon: 0.0100
2025-01-09 12:20:15,596 [INFO] Evaluation - Episode 1300, Average Reward: 0.18, Win Rate: 0.59
2025-01-09 12:20:16,797 [INFO] Episode 1400 - Reward: 1.00, Length: 5, Loss: 5.1185, Epsilon: 0.0100
2025-01-09 12:20:16,964 [INFO] Evaluation - Episode 1400, Average Reward: 0.34, Win Rate: 0.67
2025-01-09 12:20:18,164 [INFO] Episode 1500 - Reward: -1.00, Length: 3, Loss: 5.0350, Epsilon: 0.0100
2025-01-09 12:20:18,415 [INFO] Evaluation - Episode 1500, Average Reward: 0.20, Win Rate: 0.60
2025-01-09 12:20:19,508 [INFO] Episode 1600 - Reward: 1.00, Length: 4, Loss: 4.8422, Epsilon: 0.0100
2025-01-09 12:20:19,694 [INFO] Evaluation - Episode 1600, Average Reward: 0.02, Win Rate: 0.51
2025-01-09 12:20:20,798 [INFO] Episode 1700 - Reward: 1.00, Length: 3, Loss: 4.9581, Epsilon: 0.0100
2025-01-09 12:20:20,949 [INFO] Evaluation - Episode 1700, Average Reward: 0.22, Win Rate: 0.61
2025-01-09 12:20:22,040 [INFO] Episode 1800 - Reward: 1.00, Length: 3, Loss: 4.1298, Epsilon: 0.0100
2025-01-09 12:20:22,212 [INFO] Evaluation - Episode 1800, Average Reward: 0.24, Win Rate: 0.62
2025-01-09 12:20:23,247 [INFO] Episode 1900 - Reward: 1.00, Length: 3, Loss: 4.7387, Epsilon: 0.0100
2025-01-09 12:20:23,405 [INFO] Evaluation - Episode 1900, Average Reward: 0.14, Win Rate: 0.57
2025-01-09 12:20:24,543 [INFO] Episode 2000 - Reward: 1.00, Length: 3, Loss: 4.6897, Epsilon: 0.0100
2025-01-09 12:20:24,736 [INFO] Evaluation - Episode 2000, Average Reward: 0.12, Win Rate: 0.56
2025-01-09 12:20:24,741 [INFO] Model checkpoint saved to models\default_episode_2000.pt
2025-01-09 12:20:25,747 [INFO] Episode 2100 - Reward: -1.00, Length: 1, Loss: 5.5946, Epsilon: 0.0100
2025-01-09 12:20:25,888 [INFO] Evaluation - Episode 2100, Average Reward: 0.16, Win Rate: 0.58
2025-01-09 12:20:26,983 [INFO] Episode 2200 - Reward: 1.00, Length: 3, Loss: 4.7662, Epsilon: 0.0100
2025-01-09 12:20:27,194 [INFO] Evaluation - Episode 2200, Average Reward: 0.34, Win Rate: 0.67
2025-01-09 12:20:28,362 [INFO] Episode 2300 - Reward: -1.00, Length: 1, Loss: 5.3685, Epsilon: 0.0100
2025-01-09 12:20:28,518 [INFO] Evaluation - Episode 2300, Average Reward: 0.18, Win Rate: 0.59
2025-01-09 12:20:29,483 [INFO] Episode 2400 - Reward: 1.00, Length: 3, Loss: 4.8960, Epsilon: 0.0100
2025-01-09 12:20:29,678 [INFO] Evaluation - Episode 2400, Average Reward: 0.32, Win Rate: 0.66
2025-01-09 12:20:30,851 [INFO] Episode 2500 - Reward: 1.00, Length: 4, Loss: 5.2502, Epsilon: 0.0100
2025-01-09 12:20:31,002 [INFO] Evaluation - Episode 2500, Average Reward: 0.20, Win Rate: 0.60
2025-01-09 12:20:32,285 [INFO] Episode 2600 - Reward: 1.00, Length: 4, Loss: 5.3150, Epsilon: 0.0100
2025-01-09 12:20:32,438 [INFO] Evaluation - Episode 2600, Average Reward: 0.18, Win Rate: 0.59
2025-01-09 12:20:33,503 [INFO] Episode 2700 - Reward: 1.00, Length: 4, Loss: 5.5201, Epsilon: 0.0100
2025-01-09 12:20:33,653 [INFO] Evaluation - Episode 2700, Average Reward: 0.14, Win Rate: 0.57
2025-01-09 12:20:34,630 [INFO] Episode 2800 - Reward: 1.00, Length: 4, Loss: 4.5583, Epsilon: 0.0100
2025-01-09 12:20:34,805 [INFO] Evaluation - Episode 2800, Average Reward: 0.08, Win Rate: 0.54
2025-01-09 12:20:35,855 [INFO] Episode 2900 - Reward: 1.00, Length: 1, Loss: 4.0836, Epsilon: 0.0100
2025-01-09 12:20:36,103 [INFO] Evaluation - Episode 2900, Average Reward: 0.22, Win Rate: 0.61
2025-01-09 12:20:37,151 [INFO] Episode 3000 - Reward: -1.00, Length: 1, Loss: 4.7444, Epsilon: 0.0100
2025-01-09 12:20:37,337 [INFO] Evaluation - Episode 3000, Average Reward: 0.18, Win Rate: 0.59
2025-01-09 12:20:37,345 [INFO] Model checkpoint saved to models\default_episode_3000.pt
2025-01-09 12:20:38,455 [INFO] Episode 3100 - Reward: -1.00, Length: 1, Loss: 4.0135, Epsilon: 0.0100
2025-01-09 12:20:38,627 [INFO] Evaluation - Episode 3100, Average Reward: 0.38, Win Rate: 0.69
2025-01-09 12:20:39,734 [INFO] Episode 3200 - Reward: 1.00, Length: 4, Loss: 4.7086, Epsilon: 0.0100
2025-01-09 12:20:39,923 [INFO] Evaluation - Episode 3200, Average Reward: 0.42, Win Rate: 0.71
2025-01-09 12:20:41,175 [INFO] Episode 3300 - Reward: 1.00, Length: 3, Loss: 4.7246, Epsilon: 0.0100
2025-01-09 12:20:41,316 [INFO] Evaluation - Episode 3300, Average Reward: 0.08, Win Rate: 0.54
2025-01-09 12:20:42,300 [INFO] Episode 3400 - Reward: 1.00, Length: 3, Loss: 5.2469, Epsilon: 0.0100
2025-01-09 12:20:42,469 [INFO] Evaluation - Episode 3400, Average Reward: 0.16, Win Rate: 0.58
2025-01-09 12:20:43,576 [INFO] Episode 3500 - Reward: 1.00, Length: 3, Loss: 4.4343, Epsilon: 0.0100
2025-01-09 12:20:43,750 [INFO] Evaluation - Episode 3500, Average Reward: 0.20, Win Rate: 0.60
2025-01-09 12:20:44,864 [INFO] Episode 3600 - Reward: -1.00, Length: 1, Loss: 4.0947, Epsilon: 0.0100
2025-01-09 12:20:45,012 [INFO] Evaluation - Episode 3600, Average Reward: 0.12, Win Rate: 0.56
2025-01-09 12:20:46,035 [INFO] Episode 3700 - Reward: 1.00, Length: 2, Loss: 4.3761, Epsilon: 0.0100
2025-01-09 12:20:46,218 [INFO] Evaluation - Episode 3700, Average Reward: 0.26, Win Rate: 0.63
2025-01-09 12:20:47,293 [INFO] Episode 3800 - Reward: 1.00, Length: 3, Loss: 4.9152, Epsilon: 0.0100
2025-01-09 12:20:47,515 [INFO] Evaluation - Episode 3800, Average Reward: -0.12, Win Rate: 0.44
2025-01-09 12:20:48,595 [INFO] Episode 3900 - Reward: -1.00, Length: 1, Loss: 4.3689, Epsilon: 0.0100
2025-01-09 12:20:48,758 [INFO] Evaluation - Episode 3900, Average Reward: 0.32, Win Rate: 0.66
2025-01-09 12:20:49,767 [INFO] Episode 4000 - Reward: 1.00, Length: 4, Loss: 6.5015, Epsilon: 0.0100
2025-01-09 12:20:49,962 [INFO] Evaluation - Episode 4000, Average Reward: 0.08, Win Rate: 0.54
2025-01-09 12:20:49,969 [INFO] Model checkpoint saved to models\default_episode_4000.pt
2025-01-09 12:20:51,020 [INFO] Episode 4100 - Reward: 1.00, Length: 3, Loss: 4.5644, Epsilon: 0.0100
2025-01-09 12:20:51,164 [INFO] Evaluation - Episode 4100, Average Reward: 0.42, Win Rate: 0.71
2025-01-09 12:20:52,193 [INFO] Episode 4200 - Reward: 1.00, Length: 2, Loss: 4.8141, Epsilon: 0.0100
2025-01-09 12:20:52,375 [INFO] Evaluation - Episode 4200, Average Reward: 0.10, Win Rate: 0.55
2025-01-09 12:20:53,583 [INFO] Episode 4300 - Reward: 1.00, Length: 1, Loss: 5.1282, Epsilon: 0.0100
2025-01-09 12:20:53,779 [INFO] Evaluation - Episode 4300, Average Reward: 0.14, Win Rate: 0.57
2025-01-09 12:20:55,013 [INFO] Episode 4400 - Reward: 1.00, Length: 3, Loss: 5.6061, Epsilon: 0.0100
2025-01-09 12:20:55,245 [INFO] Evaluation - Episode 4400, Average Reward: 0.02, Win Rate: 0.51
2025-01-09 12:20:56,390 [INFO] Episode 4500 - Reward: 1.00, Length: 3, Loss: 4.8350, Epsilon: 0.0100
2025-01-09 12:20:56,599 [INFO] Evaluation - Episode 4500, Average Reward: 0.34, Win Rate: 0.67
2025-01-09 12:20:57,706 [INFO] Episode 4600 - Reward: 1.00, Length: 2, Loss: 4.5486, Epsilon: 0.0100
2025-01-09 12:20:57,883 [INFO] Evaluation - Episode 4600, Average Reward: -0.02, Win Rate: 0.49
2025-01-09 12:20:59,434 [INFO] Episode 4700 - Reward: 1.00, Length: 4, Loss: 4.9901, Epsilon: 0.0100
2025-01-09 12:20:59,623 [INFO] Evaluation - Episode 4700, Average Reward: 0.14, Win Rate: 0.57
2025-01-09 12:21:00,761 [INFO] Episode 4800 - Reward: -1.00, Length: 1, Loss: 4.8634, Epsilon: 0.0100
2025-01-09 12:21:00,921 [INFO] Evaluation - Episode 4800, Average Reward: 0.44, Win Rate: 0.72
2025-01-09 12:21:02,052 [INFO] Episode 4900 - Reward: 1.00, Length: 3, Loss: 5.0346, Epsilon: 0.0100
2025-01-09 12:21:02,240 [INFO] Evaluation - Episode 4900, Average Reward: 0.30, Win Rate: 0.65
2025-01-09 12:21:04,041 [INFO] Episode 5000 - Reward: 1.00, Length: 4, Loss: 4.9125, Epsilon: 0.0100
2025-01-09 12:21:04,443 [INFO] Evaluation - Episode 5000, Average Reward: 0.28, Win Rate: 0.64
2025-01-09 12:21:04,454 [INFO] Model checkpoint saved to models\default_episode_5000.pt
2025-01-09 12:21:06,990 [INFO] Episode 5100 - Reward: -1.00, Length: 4, Loss: 5.1599, Epsilon: 0.0100
2025-01-09 12:21:07,412 [INFO] Evaluation - Episode 5100, Average Reward: -0.20, Win Rate: 0.40
2025-01-09 12:21:10,041 [INFO] Episode 5200 - Reward: -1.00, Length: 1, Loss: 5.1301, Epsilon: 0.0100
2025-01-09 12:21:10,406 [INFO] Evaluation - Episode 5200, Average Reward: 0.08, Win Rate: 0.54
2025-01-09 12:21:12,939 [INFO] Episode 5300 - Reward: 1.00, Length: 3, Loss: 5.5455, Epsilon: 0.0100
2025-01-09 12:21:13,334 [INFO] Evaluation - Episode 5300, Average Reward: 0.24, Win Rate: 0.62
2025-01-09 12:21:15,845 [INFO] Episode 5400 - Reward: 1.00, Length: 1, Loss: 5.2069, Epsilon: 0.0100
2025-01-09 12:21:16,251 [INFO] Evaluation - Episode 5400, Average Reward: 0.34, Win Rate: 0.67
2025-01-09 12:21:18,854 [INFO] Episode 5500 - Reward: 1.00, Length: 4, Loss: 5.6666, Epsilon: 0.0100
2025-01-09 12:21:19,262 [INFO] Evaluation - Episode 5500, Average Reward: 0.22, Win Rate: 0.61
2025-01-09 12:21:22,079 [INFO] Episode 5600 - Reward: 1.00, Length: 3, Loss: 5.7174, Epsilon: 0.0100
2025-01-09 12:21:22,482 [INFO] Evaluation - Episode 5600, Average Reward: 0.36, Win Rate: 0.68
2025-01-09 12:21:25,209 [INFO] Episode 5700 - Reward: -1.00, Length: 1, Loss: 5.5863, Epsilon: 0.0100
2025-01-09 12:21:25,387 [INFO] Evaluation - Episode 5700, Average Reward: 0.14, Win Rate: 0.57
2025-01-09 12:21:26,906 [INFO] Episode 5800 - Reward: -1.00, Length: 1, Loss: 6.3753, Epsilon: 0.0100
2025-01-09 12:21:27,124 [INFO] Evaluation - Episode 5800, Average Reward: 0.32, Win Rate: 0.66
2025-01-09 12:21:28,560 [INFO] Episode 5900 - Reward: 1.00, Length: 3, Loss: 4.8244, Epsilon: 0.0100
2025-01-09 12:21:28,789 [INFO] Evaluation - Episode 5900, Average Reward: 0.34, Win Rate: 0.67
2025-01-09 12:21:30,396 [INFO] Episode 6000 - Reward: -1.00, Length: 3, Loss: 4.3675, Epsilon: 0.0100
2025-01-09 12:21:30,571 [INFO] Evaluation - Episode 6000, Average Reward: -0.02, Win Rate: 0.49
2025-01-09 12:21:30,580 [INFO] Model checkpoint saved to models\default_episode_6000.pt
2025-01-09 12:21:32,146 [INFO] Episode 6100 - Reward: 1.00, Length: 1, Loss: 5.2007, Epsilon: 0.0100
2025-01-09 12:21:32,376 [INFO] Evaluation - Episode 6100, Average Reward: 0.02, Win Rate: 0.51
2025-01-09 12:21:33,824 [INFO] Episode 6200 - Reward: -1.00, Length: 2, Loss: 4.9788, Epsilon: 0.0100
2025-01-09 12:21:34,014 [INFO] Evaluation - Episode 6200, Average Reward: 0.14, Win Rate: 0.57
2025-01-09 12:21:35,632 [INFO] Episode 6300 - Reward: 1.00, Length: 2, Loss: 4.1756, Epsilon: 0.0100
2025-01-09 12:21:35,830 [INFO] Evaluation - Episode 6300, Average Reward: 0.26, Win Rate: 0.63
2025-01-09 12:21:37,378 [INFO] Episode 6400 - Reward: 1.00, Length: 3, Loss: 4.7394, Epsilon: 0.0100
2025-01-09 12:21:37,569 [INFO] Evaluation - Episode 6400, Average Reward: 0.08, Win Rate: 0.54
2025-01-09 12:21:39,226 [INFO] Episode 6500 - Reward: -1.00, Length: 2, Loss: 5.2052, Epsilon: 0.0100
2025-01-09 12:21:39,401 [INFO] Evaluation - Episode 6500, Average Reward: 0.32, Win Rate: 0.66
2025-01-09 12:21:40,656 [INFO] Episode 6600 - Reward: 1.00, Length: 2, Loss: 5.5473, Epsilon: 0.0100
2025-01-09 12:21:40,804 [INFO] Evaluation - Episode 6600, Average Reward: 0.20, Win Rate: 0.60
2025-01-09 12:21:42,147 [INFO] Episode 6700 - Reward: 1.00, Length: 3, Loss: 5.5937, Epsilon: 0.0100
2025-01-09 12:21:42,298 [INFO] Evaluation - Episode 6700, Average Reward: 0.18, Win Rate: 0.59
2025-01-09 12:21:43,602 [INFO] Episode 6800 - Reward: 1.00, Length: 3, Loss: 4.9212, Epsilon: 0.0100
2025-01-09 12:21:43,831 [INFO] Evaluation - Episode 6800, Average Reward: 0.24, Win Rate: 0.62
2025-01-09 12:21:45,101 [INFO] Episode 6900 - Reward: 1.00, Length: 3, Loss: 5.0596, Epsilon: 0.0100
2025-01-09 12:21:45,284 [INFO] Evaluation - Episode 6900, Average Reward: 0.34, Win Rate: 0.67
2025-01-09 12:21:46,376 [INFO] Episode 7000 - Reward: -1.00, Length: 1, Loss: 6.0823, Epsilon: 0.0100
2025-01-09 12:21:46,554 [INFO] Evaluation - Episode 7000, Average Reward: 0.16, Win Rate: 0.58
2025-01-09 12:21:46,560 [INFO] Model checkpoint saved to models\default_episode_7000.pt
2025-01-09 12:21:47,696 [INFO] Episode 7100 - Reward: -1.00, Length: 2, Loss: 4.6178, Epsilon: 0.0100
2025-01-09 12:21:47,861 [INFO] Evaluation - Episode 7100, Average Reward: 0.28, Win Rate: 0.64
2025-01-09 12:21:49,071 [INFO] Episode 7200 - Reward: -1.00, Length: 1, Loss: 4.5670, Epsilon: 0.0100
2025-01-09 12:21:49,247 [INFO] Evaluation - Episode 7200, Average Reward: 0.46, Win Rate: 0.73
2025-01-09 12:21:50,356 [INFO] Episode 7300 - Reward: -1.00, Length: 1, Loss: 5.0517, Epsilon: 0.0100
2025-01-09 12:21:50,573 [INFO] Evaluation - Episode 7300, Average Reward: 0.20, Win Rate: 0.60
2025-01-09 12:21:51,720 [INFO] Episode 7400 - Reward: 1.00, Length: 3, Loss: 4.8368, Epsilon: 0.0100
2025-01-09 12:21:51,887 [INFO] Evaluation - Episode 7400, Average Reward: 0.28, Win Rate: 0.64
2025-01-09 12:21:53,149 [INFO] Episode 7500 - Reward: -1.00, Length: 2, Loss: 4.6301, Epsilon: 0.0100
2025-01-09 12:21:53,320 [INFO] Evaluation - Episode 7500, Average Reward: 0.30, Win Rate: 0.65
2025-01-09 12:21:54,504 [INFO] Episode 7600 - Reward: -1.00, Length: 2, Loss: 4.6445, Epsilon: 0.0100
2025-01-09 12:21:54,677 [INFO] Evaluation - Episode 7600, Average Reward: 0.18, Win Rate: 0.59
2025-01-09 12:21:55,872 [INFO] Episode 7700 - Reward: 1.00, Length: 3, Loss: 5.6106, Epsilon: 0.0100
2025-01-09 12:21:56,031 [INFO] Evaluation - Episode 7700, Average Reward: 0.14, Win Rate: 0.57
2025-01-09 12:21:57,113 [INFO] Episode 7800 - Reward: -1.00, Length: 1, Loss: 5.2103, Epsilon: 0.0100
2025-01-09 12:21:57,262 [INFO] Evaluation - Episode 7800, Average Reward: 0.14, Win Rate: 0.57
2025-01-09 12:21:58,521 [INFO] Episode 7900 - Reward: 1.00, Length: 1, Loss: 4.8852, Epsilon: 0.0100
2025-01-09 12:21:58,686 [INFO] Evaluation - Episode 7900, Average Reward: 0.22, Win Rate: 0.61
2025-01-09 12:21:59,777 [INFO] Episode 8000 - Reward: -1.00, Length: 2, Loss: 4.2974, Epsilon: 0.0100
2025-01-09 12:21:59,955 [INFO] Evaluation - Episode 8000, Average Reward: 0.10, Win Rate: 0.55
2025-01-09 12:21:59,960 [INFO] Model checkpoint saved to models\default_episode_8000.pt
2025-01-09 12:22:01,076 [INFO] Episode 8100 - Reward: -1.00, Length: 1, Loss: 3.6118, Epsilon: 0.0100
2025-01-09 12:22:01,244 [INFO] Evaluation - Episode 8100, Average Reward: 0.32, Win Rate: 0.66
2025-01-09 12:22:02,438 [INFO] Episode 8200 - Reward: -1.00, Length: 2, Loss: 5.7234, Epsilon: 0.0100
2025-01-09 12:22:02,602 [INFO] Evaluation - Episode 8200, Average Reward: 0.06, Win Rate: 0.53
2025-01-09 12:22:03,772 [INFO] Episode 8300 - Reward: 1.00, Length: 3, Loss: 5.2504, Epsilon: 0.0100
2025-01-09 12:22:03,923 [INFO] Evaluation - Episode 8300, Average Reward: 0.24, Win Rate: 0.62
2025-01-09 12:22:05,127 [INFO] Episode 8400 - Reward: -1.00, Length: 1, Loss: 5.8937, Epsilon: 0.0100
2025-01-09 12:22:05,410 [INFO] Evaluation - Episode 8400, Average Reward: 0.22, Win Rate: 0.61
2025-01-09 12:22:06,637 [INFO] Episode 8500 - Reward: 1.00, Length: 2, Loss: 5.1334, Epsilon: 0.0100
2025-01-09 12:22:06,814 [INFO] Evaluation - Episode 8500, Average Reward: 0.26, Win Rate: 0.63
2025-01-09 12:22:07,988 [INFO] Episode 8600 - Reward: -1.00, Length: 1, Loss: 4.9773, Epsilon: 0.0100
2025-01-09 12:22:08,145 [INFO] Evaluation - Episode 8600, Average Reward: 0.16, Win Rate: 0.58
2025-01-09 12:22:09,401 [INFO] Episode 8700 - Reward: 1.00, Length: 3, Loss: 5.3948, Epsilon: 0.0100
2025-01-09 12:22:09,581 [INFO] Evaluation - Episode 8700, Average Reward: 0.16, Win Rate: 0.58
2025-01-09 12:22:10,803 [INFO] Episode 8800 - Reward: 1.00, Length: 3, Loss: 5.2681, Epsilon: 0.0100
2025-01-09 12:22:10,979 [INFO] Evaluation - Episode 8800, Average Reward: 0.30, Win Rate: 0.65
2025-01-09 12:22:12,037 [INFO] Episode 8900 - Reward: 1.00, Length: 2, Loss: 5.5463, Epsilon: 0.0100
2025-01-09 12:22:12,224 [INFO] Evaluation - Episode 8900, Average Reward: 0.16, Win Rate: 0.58
2025-01-09 12:22:13,438 [INFO] Episode 9000 - Reward: -1.00, Length: 1, Loss: 5.3736, Epsilon: 0.0100
2025-01-09 12:22:13,655 [INFO] Evaluation - Episode 9000, Average Reward: 0.04, Win Rate: 0.52
2025-01-09 12:22:13,661 [INFO] Model checkpoint saved to models\default_episode_9000.pt
2025-01-09 12:22:14,934 [INFO] Episode 9100 - Reward: 1.00, Length: 4, Loss: 5.7207, Epsilon: 0.0100
2025-01-09 12:22:15,093 [INFO] Evaluation - Episode 9100, Average Reward: 0.06, Win Rate: 0.53
2025-01-09 12:22:16,319 [INFO] Episode 9200 - Reward: 1.00, Length: 3, Loss: 5.4646, Epsilon: 0.0100
2025-01-09 12:22:16,479 [INFO] Evaluation - Episode 9200, Average Reward: 0.26, Win Rate: 0.63
2025-01-09 12:22:17,657 [INFO] Episode 9300 - Reward: 1.00, Length: 4, Loss: 5.0778, Epsilon: 0.0100
2025-01-09 12:22:17,815 [INFO] Evaluation - Episode 9300, Average Reward: 0.24, Win Rate: 0.62
2025-01-09 12:22:18,918 [INFO] Episode 9400 - Reward: 1.00, Length: 3, Loss: 4.8812, Epsilon: 0.0100
2025-01-09 12:22:19,076 [INFO] Evaluation - Episode 9400, Average Reward: 0.34, Win Rate: 0.67
2025-01-09 12:22:20,237 [INFO] Episode 9500 - Reward: -1.00, Length: 3, Loss: 5.0263, Epsilon: 0.0100
2025-01-09 12:22:20,415 [INFO] Evaluation - Episode 9500, Average Reward: 0.06, Win Rate: 0.53
2025-01-09 12:22:21,473 [INFO] Episode 9600 - Reward: -1.00, Length: 1, Loss: 4.3850, Epsilon: 0.0100
2025-01-09 12:22:21,848 [INFO] Evaluation - Episode 9600, Average Reward: -0.12, Win Rate: 0.44
2025-01-09 12:22:23,838 [INFO] Episode 9700 - Reward: 1.00, Length: 3, Loss: 5.2454, Epsilon: 0.0100
2025-01-09 12:22:24,018 [INFO] Evaluation - Episode 9700, Average Reward: 0.32, Win Rate: 0.66
2025-01-09 12:22:25,313 [INFO] Episode 9800 - Reward: -1.00, Length: 1, Loss: 4.3374, Epsilon: 0.0100
2025-01-09 12:22:25,501 [INFO] Evaluation - Episode 9800, Average Reward: 0.16, Win Rate: 0.58
2025-01-09 12:22:27,064 [INFO] Episode 9900 - Reward: 1.00, Length: 2, Loss: 4.5842, Epsilon: 0.0100
2025-01-09 12:22:27,280 [INFO] Evaluation - Episode 9900, Average Reward: 0.16, Win Rate: 0.58
2025-01-09 12:22:28,721 [INFO] Evaluation - Episode 10000, Average Reward: 0.22, Win Rate: 0.61
2025-01-09 12:22:28,726 [INFO] Model checkpoint saved to models\default_final.pt
2025-01-09 12:22:28,799 [INFO] Metrics saved to logs\default\metrics.json
